Archive member included to satisfy reference by file (symbol)

c:/users/aceep/onedrive/desktop/armcompiler/bin/../lib/gcc/arm-none-eabi/10.2.1/../../../../arm-none-eabi/lib/thumb/v7e-m+fp/hard\libc.a(lib_a-exit.o)
                              c:/users/aceep/onedrive/desktop/armcompiler/bin/../lib/gcc/arm-none-eabi/10.2.1/../../../../arm-none-eabi/lib/thumb/v7e-m+fp/hard/rdimon-crt0.o (exit)
c:/users/aceep/onedrive/desktop/armcompiler/bin/../lib/gcc/arm-none-eabi/10.2.1/../../../../arm-none-eabi/lib/thumb/v7e-m+fp/hard\libc.a(lib_a-impure.o)
                              c:/users/aceep/onedrive/desktop/armcompiler/bin/../lib/gcc/arm-none-eabi/10.2.1/../../../../arm-none-eabi/lib/thumb/v7e-m+fp/hard\libc.a(lib_a-exit.o) (_global_impure_ptr)
c:/users/aceep/onedrive/desktop/armcompiler/bin/../lib/gcc/arm-none-eabi/10.2.1/../../../../arm-none-eabi/lib/thumb/v7e-m+fp/hard\libc.a(lib_a-init.o)
                              c:/users/aceep/onedrive/desktop/armcompiler/bin/../lib/gcc/arm-none-eabi/10.2.1/../../../../arm-none-eabi/lib/thumb/v7e-m+fp/hard/rdimon-crt0.o (__libc_init_array)
c:/users/aceep/onedrive/desktop/armcompiler/bin/../lib/gcc/arm-none-eabi/10.2.1/../../../../arm-none-eabi/lib/thumb/v7e-m+fp/hard\libc.a(lib_a-memset.o)
                              c:/users/aceep/onedrive/desktop/armcompiler/bin/../lib/gcc/arm-none-eabi/10.2.1/../../../../arm-none-eabi/lib/thumb/v7e-m+fp/hard/rdimon-crt0.o (memset)
c:/users/aceep/onedrive/desktop/armcompiler/bin/../lib/gcc/arm-none-eabi/10.2.1/../../../../arm-none-eabi/lib/thumb/v7e-m+fp/hard\libc.a(lib_a-__call_atexit.o)
                              c:/users/aceep/onedrive/desktop/armcompiler/bin/../lib/gcc/arm-none-eabi/10.2.1/../../../../arm-none-eabi/lib/thumb/v7e-m+fp/hard\libc.a(lib_a-exit.o) (__call_exitprocs)
c:/users/aceep/onedrive/desktop/armcompiler/bin/../lib/gcc/arm-none-eabi/10.2.1/../../../../arm-none-eabi/lib/thumb/v7e-m+fp/hard\libc.a(lib_a-atexit.o)
                              c:/users/aceep/onedrive/desktop/armcompiler/bin/../lib/gcc/arm-none-eabi/10.2.1/../../../../arm-none-eabi/lib/thumb/v7e-m+fp/hard\libc.a(lib_a-__call_atexit.o) (atexit)
c:/users/aceep/onedrive/desktop/armcompiler/bin/../lib/gcc/arm-none-eabi/10.2.1/../../../../arm-none-eabi/lib/thumb/v7e-m+fp/hard\libc.a(lib_a-fini.o)
                              c:/users/aceep/onedrive/desktop/armcompiler/bin/../lib/gcc/arm-none-eabi/10.2.1/../../../../arm-none-eabi/lib/thumb/v7e-m+fp/hard\libc.a(lib_a-__call_atexit.o) (__libc_fini_array)
c:/users/aceep/onedrive/desktop/armcompiler/bin/../lib/gcc/arm-none-eabi/10.2.1/../../../../arm-none-eabi/lib/thumb/v7e-m+fp/hard\libc.a(lib_a-lock.o)
                              c:/users/aceep/onedrive/desktop/armcompiler/bin/../lib/gcc/arm-none-eabi/10.2.1/../../../../arm-none-eabi/lib/thumb/v7e-m+fp/hard\libc.a(lib_a-__call_atexit.o) (__retarget_lock_acquire_recursive)
c:/users/aceep/onedrive/desktop/armcompiler/bin/../lib/gcc/arm-none-eabi/10.2.1/../../../../arm-none-eabi/lib/thumb/v7e-m+fp/hard\libc.a(lib_a-__atexit.o)
                              c:/users/aceep/onedrive/desktop/armcompiler/bin/../lib/gcc/arm-none-eabi/10.2.1/../../../../arm-none-eabi/lib/thumb/v7e-m+fp/hard\libc.a(lib_a-atexit.o) (__register_exitproc)
c:/users/aceep/onedrive/desktop/armcompiler/bin/../lib/gcc/arm-none-eabi/10.2.1/../../../../arm-none-eabi/lib/thumb/v7e-m+fp/hard\librdimon.a(rdimon-syscalls.o)
                              c:/users/aceep/onedrive/desktop/armcompiler/bin/../lib/gcc/arm-none-eabi/10.2.1/../../../../arm-none-eabi/lib/thumb/v7e-m+fp/hard/rdimon-crt0.o (initialise_monitor_handles)
c:/users/aceep/onedrive/desktop/armcompiler/bin/../lib/gcc/arm-none-eabi/10.2.1/../../../../arm-none-eabi/lib/thumb/v7e-m+fp/hard\librdimon.a(rdimon-_exit.o)
                              c:/users/aceep/onedrive/desktop/armcompiler/bin/../lib/gcc/arm-none-eabi/10.2.1/../../../../arm-none-eabi/lib/thumb/v7e-m+fp/hard\libc.a(lib_a-exit.o) (_exit)
c:/users/aceep/onedrive/desktop/armcompiler/bin/../lib/gcc/arm-none-eabi/10.2.1/../../../../arm-none-eabi/lib/thumb/v7e-m+fp/hard\librdimon.a(rdimon-_kill.o)
                              c:/users/aceep/onedrive/desktop/armcompiler/bin/../lib/gcc/arm-none-eabi/10.2.1/../../../../arm-none-eabi/lib/thumb/v7e-m+fp/hard\librdimon.a(rdimon-_exit.o) (_kill_shared)
c:/users/aceep/onedrive/desktop/armcompiler/bin/../lib/gcc/arm-none-eabi/10.2.1/../../../../arm-none-eabi/lib/thumb/v7e-m+fp/hard\libg.a(lib_a-errno.o)
                              c:/users/aceep/onedrive/desktop/armcompiler/bin/../lib/gcc/arm-none-eabi/10.2.1/../../../../arm-none-eabi/lib/thumb/v7e-m+fp/hard\librdimon.a(rdimon-syscalls.o) (__errno)
c:/users/aceep/onedrive/desktop/armcompiler/bin/../lib/gcc/arm-none-eabi/10.2.1/../../../../arm-none-eabi/lib/thumb/v7e-m+fp/hard\libg.a(lib_a-findfp.o)
[...]
Memory Configuration

Name             Origin             Length             Attributes
RAM              0x20000000         0x0000a000         xrw
CCMRAM           0x10000000         0x00002000         rw
FLASH            0x08000000         0x00040000         xr
*default*        0x00000000         0xffffffff

Linker script and memory map

LOAD c:/users/aceep/onedrive/desktop/armcompiler/bin/../lib/gcc/arm-none-eabi/10.2.1/thumb/v7e-m+fp/hard/crti.o
LOAD c:/users/aceep/onedrive/desktop/armcompiler/bin/../lib/gcc/arm-none-eabi/10.2.1/thumb/v7e-m+fp/hard/crtbegin.o
LOAD c:/users/aceep/onedrive/desktop/armcompiler/bin/../lib/gcc/arm-none-eabi/10.2.1/../../../../arm-none-eabi/lib/thumb/v7e-m+fp/hard/rdimon-crt0.o
LOAD c:/users/aceep/onedrive/desktop/armcompiler/bin/../lib/gcc/arm-none-eabi/10.2.1/../../../../arm-none-eabi/lib/thumb/v7e-m+fp/hard\libc.a
LOAD c:/users/aceep/onedrive/desktop/armcompiler/bin/../lib/gcc/arm-none-eabi/10.2.1/../../../../arm-none-eabi/lib/thumb/v7e-m+fp/hard\librdimon.a
LOAD C:\msys64\tmp\ccsPD21X.o
LOAD obj/main.o
LOAD obj/system_stm32f3xx.o
LOAD obj/stm32f3xx_hal_msp.o
LOAD obj/stm32f3xx_it.o
LOAD obj/stm32f3xx_hal_tim.o
LOAD obj/stm32f3xx_hal.o
LOAD obj/stm32f3xx_hal_gpio.o
LOAD obj/stm32f3xx_hal_rcc.o
LOAD obj/stm32f3xx_hal_cortex.o
LOAD obj/stm32f3xx_hal_tim_ex.o
LOAD obj/stm32f3_discovery.o
START GROUP
LOAD c:/users/aceep/onedrive/desktop/armcompiler/bin/../lib/gcc/arm-none-eabi/10.2.1/thumb/v7e-m+fp/hard\libgcc.a
LOAD c:/users/aceep/onedrive/desktop/armcompiler/bin/../lib/gcc/arm-none-eabi/10.2.1/../../../../arm-none-eabi/lib/thumb/v7e-m+fp/hard\libg.a
LOAD c:/users/aceep/onedrive/desktop/armcompiler/bin/../lib/gcc/arm-none-eabi/10.2.1/../../../../arm-none-eabi/lib/thumb/v7e-m+fp/hard\libc.a
END GROUP
START GROUP
LOAD c:/users/aceep/onedrive/desktop/armcompiler/bin/../lib/gcc/arm-none-eabi/10.2.1/thumb/v7e-m+fp/hard\libgcc.a
LOAD c:/users/aceep/onedrive/desktop/armcompiler/bin/../lib/gcc/arm-none-eabi/10.2.1/../../../../arm-none-eabi/lib/thumb/v7e-m+fp/hard\libc.a
LOAD c:/users/aceep/onedrive/desktop/armcompiler/bin/../lib/gcc/arm-none-eabi/10.2.1/../../../../arm-none-eabi/lib/thumb/v7e-m+fp/hard\librdimon.a
END GROUP
LOAD c:/users/aceep/onedrive/desktop/armcompiler/bin/../lib/gcc/arm-none-eabi/10.2.1/thumb/v7e-m+fp/hard/crtend.o
LOAD c:/users/aceep/onedrive/desktop/armcompiler/bin/../lib/gcc/arm-none-eabi/10.2.1/thumb/v7e-m+fp/hard/crtn.o
                0x2000a000                _estack = 0x2000a000
                0x00000200                _Min_Heap_Size = 0x200
                0x00000200                _Min_Stack_Size = 0x200

.isr_vector     0x08000000      0x188
                0x08000000                . = ALIGN (0x4)
 *(.isr_vector)
 .isr_vector    0x08000000      0x188 C:\msys64\tmp\ccsPD21X.o
                0x08000000                g_pfnVectors
                0x08000188                . = ALIGN (0x4)

.text           0x08000188     0x14a4
                0x08000188                . = ALIGN (0x4)
 *(.text)
 .text          0x08000188       0x40 c:/users/aceep/onedrive/desktop/armcompiler/bin/../lib/gcc/arm-none-eabi/10.2.1/thumb/v7e-m+fp/hard/crtbegin.o
 *(.text*)
 .text.__libc_init_array
                0x080001c8       0x48 c:/users/aceep/onedrive/desktop/armcompiler/bin/../lib/gcc/arm-none-eabi/10.2.1/../../../../arm-none-eabi/lib/thumb/v7e-m+fp/hard\libc.a(lib_a-init.o)
                0x080001c8                __libc_init_array
 .text.memset   0x08000210       0xa4 c:/users/aceep/onedrive/desktop/armcompiler/bin/../lib/gcc/arm-none-eabi/10.2.1/../../../../arm-none-eabi/lib/thumb/v7e-m+fp/hard\libc.a(lib_a-memset.o)
                0x08000210                memset
 .text.startup.register_fini
                0x080002b4       0x14 c:/users/aceep/onedrive/desktop/armcompiler/bin/../lib/gcc/arm-none-eabi/10.2.1/../../../../arm-none-eabi/lib/thumb/v7e-m+fp/hard\libc.a(lib_a-__call_atexit.o)
 .text.atexit   0x080002c8        0xc c:/users/aceep/onedrive/desktop/armcompiler/bin/../lib/gcc/arm-none-eabi/10.2.1/../../../../arm-none-eabi/lib/thumb/v7e-m+fp/hard\libc.a(lib_a-atexit.o)
                0x080002c8                atexit
 .text.__libc_fini_array
                0x080002d4       0x2c c:/users/aceep/onedrive/desktop/armcompiler/bin/../lib/gcc/arm-none-eabi/10.2.1/../../../../arm-none-eabi/lib/thumb/v7e-m+fp/hard\libc.a(lib_a-fini.o)
                0x080002d4                __libc_fini_array
 .text.__retarget_lock_acquire_recursive
                0x08000300        0x4 c:/users/aceep/onedrive/desktop/armcompiler/bin/../lib/gcc/arm-none-eabi/10.2.1/../../../../arm-none-eabi/lib/thumb/v7e-m+fp/hard\libc.a(lib_a-lock.o)
                0x08000300                __retarget_lock_acquire_recursive
 .text.__retarget_lock_release_recursive
                0x08000304        0x4 c:/users/aceep/onedrive/desktop/armcompiler/bin/../lib/gcc/arm-none-eabi/10.2.1/../../../../arm-none-eabi/lib/thumb/v7e-m+fp/hard\libc.a(lib_a-lock.o)
                0x08000304                __retarget_lock_release_recursive
 .text.__register_exitproc
                0x08000308       0x8c c:/users/aceep/onedrive/desktop/armcompiler/bin/../lib/gcc/arm-none-eabi/10.2.1/../../../../arm-none-eabi/lib/thumb/v7e-m+fp/hard\libc.a(lib_a-__atexit.o)
                0x08000308                __register_exitproc
 .text.Reset_Handler
                0x08000394       0x50 C:\msys64\tmp\ccsPD21X.o
                0x08000394                Reset_Handler
 .text.Default_Handler
                0x080003e4        0x2 C:\msys64\tmp\ccsPD21X.o
                0x080003e4                RTC_Alarm_IRQHandler
                0x080003e4                TIM8_TRG_COM_IRQHandler
                0x080003e4                TIM8_CC_IRQHandler
                0x080003e4                TIM1_CC_IRQHandler
                0x080003e4                USB_HP_IRQHandler
                0x080003e4                PVD_IRQHandler
                0x080003e4                TAMP_STAMP_IRQHandler
                0x080003e4                EXTI3_IRQHandler
                0x080003e4                USB_HP_CAN_TX_IRQHandler
                0x080003e4                I2C2_EV_IRQHandler
                0x080003e4                FPU_IRQHandler
                0x080003e4                TIM1_UP_TIM16_IRQHandler
                0x080003e4                ADC1_2_IRQHandler
                0x080003e4                SPI1_IRQHandler
                0x080003e4                CAN_SCE_IRQHandler
                0x080003e4                TIM6_DAC_IRQHandler
                0x080003e4                TIM8_UP_IRQHandler
                0x080003e4                DMA2_Channel2_IRQHandler
                0x080003e4                DMA1_Channel4_IRQHandler
                0x080003e4                USART3_IRQHandler
                0x080003e4                DMA1_Channel7_IRQHandler
                0x080003e4                UART5_IRQHandler
                0x080003e4                ADC3_IRQHandler
                0x080003e4                TIM4_IRQHandler
                0x080003e4                CAN_RX1_IRQHandler
                0x080003e4                DMA2_Channel1_IRQHandler
                0x080003e4                I2C1_EV_IRQHandler
                0x080003e4                DMA1_Channel6_IRQHandler
                0x080003e4                UART4_IRQHandler
                0x080003e4                DMA2_Channel4_IRQHandler
                0x080003e4                RCC_IRQHandler
                0x080003e4                DMA1_Channel1_IRQHandler
                0x080003e4                Default_Handler
                0x080003e4                USBWakeUp_RMP_IRQHandler
                0x080003e4                EXTI15_10_IRQHandler
                0x080003e4                TIM7_IRQHandler
                0x080003e4                EXTI9_5_IRQHandler
                0x080003e4                RTC_WKUP_IRQHandler
                0x080003e4                SPI2_IRQHandler
                0x080003e4                USB_LP_CAN_RX0_IRQHandler
                0x080003e4                DMA2_Channel5_IRQHandler
                0x080003e4                DMA1_Channel5_IRQHandler
                0x080003e4                USB_LP_IRQHandler
                0x080003e4                EXTI4_IRQHandler
                0x080003e4                TIM1_TRG_COM_TIM17_IRQHandler
                0x080003e4                DMA1_Channel3_IRQHandler
                0x080003e4                ADC4_IRQHandler
                0x080003e4                WWDG_IRQHandler
                0x080003e4                TIM2_IRQHandler
                0x080003e4                COMP7_IRQHandler
                0x080003e4                COMP1_2_3_IRQHandler
                0x080003e4                EXTI1_IRQHandler
                0x080003e4                USART2_IRQHandler
                0x080003e4                COMP4_5_6_IRQHandler
                0x080003e4                I2C2_ER_IRQHandler
                0x080003e4                DMA1_Channel2_IRQHandler
                0x080003e4                TIM8_BRK_IRQHandler
                0x080003e4                FLASH_IRQHandler
                0x080003e4                USART1_IRQHandler
                0x080003e4                SPI3_IRQHandler
                0x080003e4                I2C1_ER_IRQHandler
                0x080003e4                USBWakeUp_IRQHandler
                0x080003e4                DMA2_Channel3_IRQHandler
                0x080003e4                EXTI2_TSC_IRQHandler
                0x080003e4                TIM1_BRK_TIM15_IRQHandler
 .text.Error_Handler
                0x080003e6        0xa obj/main.o
 .text.startup.main
                0x080003f0       0xd8 obj/main.o
                0x080003f0                main
 .text.HAL_TIM_PeriodElapsedCallback
                0x080004c8       0x88 obj/main.o
                0x080004c8                HAL_TIM_PeriodElapsedCallback
 .text.HAL_GPIO_EXTI_Callback
                0x08000550       0xd4 obj/main.o
                0x08000550                HAL_GPIO_EXTI_Callback
 .text.SystemInit
                0x08000624       0x68 obj/system_stm32f3xx.o
                0x08000624                SystemInit
 .text.HAL_TIM_Base_MspInit
                0x0800068c       0x30 obj/stm32f3xx_hal_msp.o
                0x0800068c                HAL_TIM_Base_MspInit
 .text.NMI_Handler
                0x080006bc        0x2 obj/stm32f3xx_it.o
                0x080006bc                NMI_Handler
 .text.HardFault_Handler
                0x080006be        0x2 obj/stm32f3xx_it.o
                0x080006be                HardFault_Handler
 .text.MemManage_Handler
                0x080006c0        0x2 obj/stm32f3xx_it.o
                0x080006c0                MemManage_Handler
 .text.BusFault_Handler
                0x080006c2        0x2 obj/stm32f3xx_it.o
                0x080006c2                BusFault_Handler
 .text.UsageFault_Handler
                0x080006c4        0x2 obj/stm32f3xx_it.o
                0x080006c4                UsageFault_Handler
 .text.SVC_Handler
                0x080006c6        0x2 obj/stm32f3xx_it.o
                0x080006c6                SVC_Handler
 .text.DebugMon_Handler
                0x080006c8        0x2 obj/stm32f3xx_it.o
                0x080006c8                DebugMon_Handler
 .text.PendSV_Handler
                0x080006ca        0x2 obj/stm32f3xx_it.o
                0x080006ca                PendSV_Handler
 .text.SysTick_Handler
                0x080006cc        0x2 obj/stm32f3xx_it.o
                0x080006cc                SysTick_Handler
 *fill*         0x080006ce        0x2 
 .text.TIM3_IRQHandler
                0x080006d0        0xc obj/stm32f3xx_it.o
                0x080006d0                TIM3_IRQHandler
 .text.EXTI0_IRQHandler
                0x080006dc        0x6 obj/stm32f3xx_it.o
                0x080006dc                EXTI0_IRQHandler
 .text.HAL_TIM_Base_MspDeInit
                0x080006e2        0x2 obj/stm32f3xx_hal_tim.o
                0x080006e2                HAL_TIM_Base_MspDeInit
 .text.HAL_TIM_Base_DeInit
                0x080006e4       0x66 obj/stm32f3xx_hal_tim.o
                0x080006e4                HAL_TIM_Base_DeInit
 .text.HAL_TIM_Base_Stop
                0x0800074a       0x28 obj/stm32f3xx_hal_tim.o
                0x0800074a                HAL_TIM_Base_Stop
 *fill*         0x08000772        0x2 
 .text.HAL_TIM_Base_Start_IT
                0x08000774       0x6c obj/stm32f3xx_hal_tim.o
                0x08000774                HAL_TIM_Base_Start_IT
 .text.HAL_TIM_OC_DelayElapsedCallback
                0x080007e0        0x2 obj/stm32f3xx_hal_tim.o
                0x080007e0                HAL_TIM_OC_DelayElapsedCallback
 .text.HAL_TIM_IC_CaptureCallback
                0x080007e2        0x2 obj/stm32f3xx_hal_tim.o
                0x080007e2                HAL_TIM_IC_CaptureCallback
 .text.HAL_TIM_PWM_PulseFinishedCallback
                0x080007e4        0x2 obj/stm32f3xx_hal_tim.o
                0x080007e4                HAL_TIM_PWM_PulseFinishedCallback
 .text.HAL_TIM_TriggerCallback
                0x080007e6        0x2 obj/stm32f3xx_hal_tim.o
                0x080007e6                HAL_TIM_TriggerCallback
 .text.HAL_TIM_IRQHandler
                0x080007e8      0x160 obj/stm32f3xx_hal_tim.o
                0x080007e8                HAL_TIM_IRQHandler
 .text.TIM_Base_SetConfig
                0x08000948       0xbc obj/stm32f3xx_hal_tim.o
                0x08000948                TIM_Base_SetConfig
 .text.HAL_TIM_Base_Init
                0x08000a04       0x60 obj/stm32f3xx_hal_tim.o
                0x08000a04                HAL_TIM_Base_Init
 .text.HAL_MspInit
                0x08000a64        0x2 obj/stm32f3xx_hal.o
                0x08000a64                HAL_MspInit
 *fill*         0x08000a66        0x2 
 .text.HAL_InitTick
                0x08000a68       0x48 obj/stm32f3xx_hal.o
                0x08000a68                HAL_InitTick
 .text.HAL_Init
                0x08000ab0       0x24 obj/stm32f3xx_hal.o
                0x08000ab0                HAL_Init
 .text.HAL_GetTick
                0x08000ad4        0xc obj/stm32f3xx_hal.o
                0x08000ad4                HAL_GetTick
 .text.HAL_GPIO_Init
                0x08000ae0      0x188 obj/stm32f3xx_hal_gpio.o
                0x08000ae0                HAL_GPIO_Init
 .text.HAL_GPIO_WritePin
                0x08000c68        0xa obj/stm32f3xx_hal_gpio.o
                0x08000c68                HAL_GPIO_WritePin
 .text.HAL_GPIO_TogglePin
                0x08000c72       0x12 obj/stm32f3xx_hal_gpio.o
                0x08000c72                HAL_GPIO_TogglePin
 .text.HAL_GPIO_EXTI_IRQHandler
                0x08000c84       0x18 obj/stm32f3xx_hal_gpio.o
                0x08000c84                HAL_GPIO_EXTI_IRQHandler
 .text.HAL_RCC_OscConfig
                0x08000c9c      0x504 obj/stm32f3xx_hal_rcc.o
                0x08000c9c                HAL_RCC_OscConfig
 .text.HAL_RCC_GetSysClockFreq
                0x080011a0       0x64 obj/stm32f3xx_hal_rcc.o
                0x080011a0                HAL_RCC_GetSysClockFreq
 .text.HAL_RCC_ClockConfig
                0x08001204      0x158 obj/stm32f3xx_hal_rcc.o
                0x08001204                HAL_RCC_ClockConfig
 .text.HAL_NVIC_SetPriorityGrouping
                0x0800135c       0x24 obj/stm32f3xx_hal_cortex.o
                0x0800135c                HAL_NVIC_SetPriorityGrouping
 .text.HAL_NVIC_SetPriority
                0x08001380       0x64 obj/stm32f3xx_hal_cortex.o
                0x08001380                HAL_NVIC_SetPriority
 .text.HAL_NVIC_EnableIRQ
                0x080013e4       0x1c obj/stm32f3xx_hal_cortex.o
                0x080013e4                HAL_NVIC_EnableIRQ
 .text.HAL_SYSTICK_Config
                0x08001400       0x28 obj/stm32f3xx_hal_cortex.o
                0x08001400                HAL_SYSTICK_Config
 .text.HAL_TIMEx_CommutCallback
                0x08001428        0x2 obj/stm32f3xx_hal_tim_ex.o
                0x08001428                HAL_TIMEx_CommutCallback
 .text.HAL_TIMEx_BreakCallback
                0x0800142a        0x2 obj/stm32f3xx_hal_tim_ex.o
                0x0800142a                HAL_TIMEx_BreakCallback
 .text.HAL_TIMEx_Break2Callback
                0x0800142c        0x2 obj/stm32f3xx_hal_tim_ex.o
                0x0800142c                HAL_TIMEx_Break2Callback
 *fill*         0x0800142e        0x2 
 .text.BSP_LED_Init
                0x08001430      0x10c obj/stm32f3_discovery.o
                0x08001430                BSP_LED_Init
 .text.BSP_LED_On
                0x0800153c       0x1c obj/stm32f3_discovery.o
                0x0800153c                BSP_LED_On
 .text.BSP_LED_Off
                0x08001558       0x1c obj/stm32f3_discovery.o
                0x08001558                BSP_LED_Off
 .text.BSP_LED_Toggle
                0x08001574       0x18 obj/stm32f3_discovery.o
                0x08001574                BSP_LED_Toggle
 .text.BSP_PB_Init
                0x0800158c       0x88 obj/stm32f3_discovery.o
                0x0800158c                BSP_PB_Init
 *(.glue_7)
 .glue_7        0x08001614        0x0 linker stubs
 *(.glue_7t)
 .glue_7t       0x08001614        0x0 linker stubs
 *(.eh_frame)
 .eh_frame      0x08001614        0x0 c:/users/aceep/onedrive/desktop/armcompiler/bin/../lib/gcc/arm-none-eabi/10.2.1/thumb/v7e-m+fp/hard/crtbegin.o
 *(.init)
 .init          0x08001614        0x4 c:/users/aceep/onedrive/desktop/armcompiler/bin/../lib/gcc/arm-none-eabi/10.2.1/thumb/v7e-m+fp/hard/crti.o
                0x08001614                _init
 .init          0x08001618        0x8 c:/users/aceep/onedrive/desktop/armcompiler/bin/../lib/gcc/arm-none-eabi/10.2.1/thumb/v7e-m+fp/hard/crtn.o
 *(.fini)
 .fini          0x08001620        0x4 c:/users/aceep/onedrive/desktop/armcompiler/bin/../lib/gcc/arm-none-eabi/10.2.1/thumb/v7e-m+fp/hard/crti.o
                0x08001620                _fini
 .fini          0x08001624        0x8 c:/users/aceep/onedrive/desktop/armcompiler/bin/../lib/gcc/arm-none-eabi/10.2.1/thumb/v7e-m+fp/hard/crtn.o
                0x0800162c                . = ALIGN (0x4)
                0x0800162c                _etext = .

.vfp11_veneer   0x0800162c        0x0
 .vfp11_veneer  0x0800162c        0x0 linker stubs

.v4_bx          0x0800162c        0x0
 .v4_bx         0x0800162c        0x0 linker stubs

.iplt           0x0800162c        0x0
 .iplt          0x0800162c        0x0 c:/users/aceep/onedrive/desktop/armcompiler/bin/../lib/gcc/arm-none-eabi/10.2.1/thumb/v7e-m+fp/hard/crtbegin.o

.rodata         0x0800162c       0x44
                0x0800162c                . = ALIGN (0x4)
 *(.rodata)
 *(.rodata*)
 .rodata._global_impure_ptr
                0x0800162c        0x4 c:/users/aceep/onedrive/desktop/armcompiler/bin/../lib/gcc/arm-none-eabi/10.2.1/../../../../arm-none-eabi/lib/thumb/v7e-m+fp/hard\libc.a(lib_a-impure.o)
                0x0800162c                _global_impure_ptr
 .rodata.AHBPrescTable
                0x08001630       0x10 obj/system_stm32f3xx.o
                0x08001630                AHBPrescTable
 .rodata.aPLLMULFactorTable
                0x08001640       0x10 obj/stm32f3xx_hal_rcc.o
                0x08001640                aPLLMULFactorTable
 .rodata.aPredivFactorTable
                0x08001650       0x10 obj/stm32f3xx_hal_rcc.o
                0x08001650                aPredivFactorTable
 .rodata.LED_PIN
                0x08001660       0x10 obj/stm32f3_discovery.o
                0x08001660                LED_PIN
                0x08001670                . = ALIGN (0x4)

.rel.dyn        0x08001670        0x0
 .rel.iplt      0x08001670        0x0 c:/users/aceep/onedrive/desktop/armcompiler/bin/../lib/gcc/arm-none-eabi/10.2.1/thumb/v7e-m+fp/hard/crtbegin.o

.ARM.extab
 *(.ARM.extab* .gnu.linkonce.armextab.*)

.ARM            0x08001670        0x0
                0x08001670                __exidx_start = .
 *(.ARM.exidx*)
                0x08001670                __exidx_end = .

.preinit_array  0x08001670        0x0
                0x08001670                PROVIDE (__preinit_array_start = .)
 *(.preinit_array*)
                0x08001670                PROVIDE (__preinit_array_end = .)

.init_array     0x08001670        0x8
                0x08001670                PROVIDE (__init_array_start = .)
 *(SORT_BY_NAME(.init_array.*))
 .init_array.00000
                0x08001670        0x4 c:/users/aceep/onedrive/desktop/armcompiler/bin/../lib/gcc/arm-none-eabi/10.2.1/../../../../arm-none-eabi/lib/thumb/v7e-m+fp/hard\libc.a(lib_a-__call_atexit.o)
 *(.init_array*)
 .init_array    0x08001674        0x4 c:/users/aceep/onedrive/desktop/armcompiler/bin/../lib/gcc/arm-none-eabi/10.2.1/thumb/v7e-m+fp/hard/crtbegin.o
                0x08001678                PROVIDE (__init_array_end = .)

.fini_array     0x08001678        0x4
                0x08001678                PROVIDE (__fini_array_start = .)
 *(SORT_BY_NAME(.fini_array.*))
 *(.fini_array*)
 .fini_array    0x08001678        0x4 c:/users/aceep/onedrive/desktop/armcompiler/bin/../lib/gcc/arm-none-eabi/10.2.1/thumb/v7e-m+fp/hard/crtbegin.o
                0x0800167c                PROVIDE (__fini_array_end = .)
                0x0800167c                _sidata = LOADADDR (.data)

.data           0x20000000      0x460 load address 0x0800167c
                0x20000000                . = ALIGN (0x4)
                0x20000000                _sdata = .
 *(.data)
 *(.data*)
 .data.impure_data
                0x20000000      0x428 c:/users/aceep/onedrive/desktop/armcompiler/bin/../lib/gcc/arm-none-eabi/10.2.1/../../../../arm-none-eabi/lib/thumb/v7e-m+fp/hard\libc.a(lib_a-impure.o)
 .data.__atexit_recursive_mutex
                0x20000428        0x4 c:/users/aceep/onedrive/desktop/armcompiler/bin/../lib/gcc/arm-none-eabi/10.2.1/../../../../arm-none-eabi/lib/thumb/v7e-m+fp/hard\libc.a(lib_a-__call_atexit.o)
                0x20000428                __atexit_recursive_mutex
 .data.P        0x2000042c        0x2 obj/main.o
                0x2000042c                P
 *fill*         0x2000042e        0x2 
 .data.SystemCoreClock
                0x20000430        0x4 obj/system_stm32f3xx.o
                0x20000430                SystemCoreClock
 .data.uwTickFreq
                0x20000434        0x1 obj/stm32f3xx_hal.o
                0x20000434                uwTickFreq
 *fill*         0x20000435        0x3 
 .data.uwTickPrio
                0x20000438        0x4 obj/stm32f3xx_hal.o
                0x20000438                uwTickPrio
 .data.BUTTON_PORT
                0x2000043c        0x4 obj/stm32f3_discovery.o
                0x2000043c                BUTTON_PORT
 .data.LED_PORT
                0x20000440       0x20 obj/stm32f3_discovery.o
                0x20000440                LED_PORT
                0x20000460                . = ALIGN (0x4)
                0x20000460                _edata = .
                0x08001adc                _siccmram = LOADADDR (.ccmram)

.igot.plt       0x20000460        0x0 load address 0x08001adc
 .igot.plt      0x20000460        0x0 c:/users/aceep/onedrive/desktop/armcompiler/bin/../lib/gcc/arm-none-eabi/10.2.1/thumb/v7e-m+fp/hard/crtbegin.o

.ccmram         0x10000000        0x0 load address 0x08001adc
                0x10000000                . = ALIGN (0x4)
                0x10000000                _sccmram = .
 *(.ccmram)
 *(.ccmram*)
                0x10000000                . = ALIGN (0x4)
                0x10000000                _eccmram = .
                0x10000000                . = ALIGN (0x4)

.bss            0x20000460       0xc4
                0x20000460                _sbss = .
                0x20000460                __bss_start__ = _sbss
 *(.bss)
 .bss           0x20000460       0x1c c:/users/aceep/onedrive/desktop/armcompiler/bin/../lib/gcc/arm-none-eabi/10.2.1/thumb/v7e-m+fp/hard/crtbegin.o
 *(.bss*)
 .bss.__lock___atexit_recursive_mutex
                0x2000047c        0x1 c:/users/aceep/onedrive/desktop/armcompiler/bin/../lib/gcc/arm-none-eabi/10.2.1/../../../../arm-none-eabi/lib/thumb/v7e-m+fp/hard\libc.a(lib_a-lock.o)
                0x2000047c                __lock___atexit_recursive_mutex
 *fill*         0x2000047d        0x3 
 .bss.C         0x20000480       0x50 obj/main.o
                0x20000480                C
 .bss.TimHandle
                0x200004d0       0x4c obj/main.o
                0x200004d0                TimHandle
 .bss.uwPrescalerValue
                0x2000051c        0x4 obj/main.o
                0x2000051c                uwPrescalerValue
 .bss.uwTick    0x20000520        0x4 obj/stm32f3xx_hal.o
                0x20000520                uwTick
 *(COMMON)
                0x20000524                . = ALIGN (0x4)
                0x20000524                _ebss = .
                0x20000524                __bss_end__ = _ebss

._user_heap_stack
                0x20000524      0x404
                0x20000528                . = ALIGN (0x8)
 *fill*         0x20000524        0x4 
                0x20000528                PROVIDE (end = .)
                [!provide]                PROVIDE (_end = .)
                0x20000728                . = (. + _Min_Heap_Size)
 *fill*         0x20000528      0x200 
                0x20000928                . = (. + _Min_Stack_Size)
 *fill*         0x20000728      0x200 
                0x20000928                . = ALIGN (0x8)

/DISCARD/
 libc.a(*)
 libm.a(*)
 libgcc.a(*)

.ARM.attributes
                0x00000000       0x30
 *(.ARM.attributes)
 .ARM.attributes
                0x00000000       0x1e c:/users/aceep/onedrive/desktop/armcompiler/bin/../lib/gcc/arm-none-eabi/10.2.1/thumb/v7e-m+fp/hard/crti.o
 .ARM.attributes
                0x0000001e       0x34 c:/users/aceep/onedrive/desktop/armcompiler/bin/../lib/gcc/arm-none-eabi/10.2.1/thumb/v7e-m+fp/hard/crtbegin.o
 .ARM.attributes
                0x00000052       0x32 c:/users/aceep/onedrive/desktop/armcompiler/bin/../lib/gcc/arm-none-eabi/10.2.1/../../../../arm-none-eabi/lib/thumb/v7e-m+fp/hard\libc.a(lib_a-impure.o)
 .ARM.attributes
                0x00000084       0x34 c:/users/aceep/onedrive/desktop/armcompiler/bin/../lib/gcc/arm-none-eabi/10.2.1/../../../../arm-none-eabi/lib/thumb/v7e-m+fp/hard\libc.a(lib_a-init.o)
 .ARM.attributes
                0x000000b8       0x34 c:/users/aceep/onedrive/desktop/armcompiler/bin/../lib/gcc/arm-none-eabi/10.2.1/../../../../arm-none-eabi/lib/thumb/v7e-m+fp/hard\libc.a(lib_a-memset.o)
 .ARM.attributes
                0x000000ec       0x34 c:/users/aceep/onedrive/desktop/armcompiler/bin/../lib/gcc/arm-none-eabi/10.2.1/../../../../arm-none-eabi/lib/thumb/v7e-m+fp/hard\libc.a(lib_a-__call_atexit.o)
 .ARM.attributes
                0x00000120       0x34 c:/users/aceep/onedrive/desktop/armcompiler/bin/../lib/gcc/arm-none-eabi/10.2.1/../../../../arm-none-eabi/lib/thumb/v7e-m+fp/hard\libc.a(lib_a-atexit.o)
 .ARM.attributes
                0x00000154       0x34 c:/users/aceep/onedrive/desktop/armcompiler/bin/../lib/gcc/arm-none-eabi/10.2.1/../../../../arm-none-eabi/lib/thumb/v7e-m+fp/hard\libc.a(lib_a-fini.o)
 .ARM.attributes
                0x00000188       0x34 c:/users/aceep/onedrive/desktop/armcompiler/bin/../lib/gcc/arm-none-eabi/10.2.1/../../../../arm-none-eabi/lib/thumb/v7e-m+fp/hard\libc.a(lib_a-lock.o)
 .ARM.attributes
                0x000001bc       0x34 c:/users/aceep/onedrive/desktop/armcompiler/bin/../lib/gcc/arm-none-eabi/10.2.1/../../../../arm-none-eabi/lib/thumb/v7e-m+fp/hard\libc.a(lib_a-__atexit.o)
 .ARM.attributes
                0x000001f0       0x21 C:\msys64\tmp\ccsPD21X.o
 .ARM.attributes
                0x00000211       0x34 obj/main.o
 .ARM.attributes
                0x00000245       0x34 obj/system_stm32f3xx.o
 .ARM.attributes
                0x00000279       0x34 obj/stm32f3xx_hal_msp.o
 .ARM.attributes
                0x000002ad       0x34 obj/stm32f3xx_it.o
 .ARM.attributes
                0x000002e1       0x34 obj/stm32f3xx_hal_tim.o
 .ARM.attributes
                0x00000315       0x34 obj/stm32f3xx_hal.o
 .ARM.attributes
                0x00000349       0x34 obj/stm32f3xx_hal_gpio.o
 .ARM.attributes
                0x0000037d       0x34 obj/stm32f3xx_hal_rcc.o
 .ARM.attributes
                0x000003b1       0x34 obj/stm32f3xx_hal_cortex.o
 .ARM.attributes
                0x000003e5       0x34 obj/stm32f3xx_hal_tim_ex.o
 .ARM.attributes
                0x00000419       0x34 obj/stm32f3_discovery.o
 .ARM.attributes
                0x0000044d       0x1e c:/users/aceep/onedrive/desktop/armcompiler/bin/../lib/gcc/arm-none-eabi/10.2.1/thumb/v7e-m+fp/hard/crtn.o
OUTPUT(demo.elf elf32-littlearm)
LOAD linker stubs
LOAD c:/users/aceep/onedrive/desktop/armcompiler/bin/../lib/gcc/arm-none-eabi/10.2.1/../../../../arm-none-eabi/lib/thumb/v7e-m+fp/hard\libc.a
LOAD c:/users/aceep/onedrive/desktop/armcompiler/bin/../lib/gcc/arm-none-eabi/10.2.1/../../../../arm-none-eabi/lib/thumb/v7e-m+fp/hard\libm.a
LOAD c:/users/aceep/onedrive/desktop/armcompiler/bin/../lib/gcc/arm-none-eabi/10.2.1/thumb/v7e-m+fp/hard\libgcc.a

.debug_frame    0x00000000     0x1844
 .debug_frame   0x00000000       0x2c c:/users/aceep/onedrive/desktop/armcompiler/bin/../lib/gcc/arm-none-eabi/10.2.1/../../../../arm-none-eabi/lib/thumb/v7e-m+fp/hard\libc.a(lib_a-init.o)
 .debug_frame   0x0000002c       0x2c c:/users/aceep/onedrive/desktop/armcompiler/bin/../lib/gcc/arm-none-eabi/10.2.1/../../../../arm-none-eabi/lib/thumb/v7e-m+fp/hard\libc.a(lib_a-memset.o)
 .debug_frame   0x00000058       0x68 c:/users/aceep/onedrive/desktop/armcompiler/bin/../lib/gcc/arm-none-eabi/10.2.1/../../../../arm-none-eabi/lib/thumb/v7e-m+fp/hard\libc.a(lib_a-__call_atexit.o)
 .debug_frame   0x000000c0       0x20 c:/users/aceep/onedrive/desktop/armcompiler/bin/../lib/gcc/arm-none-eabi/10.2.1/../../../../arm-none-eabi/lib/thumb/v7e-m+fp/hard\libc.a(lib_a-atexit.o)
 .debug_frame   0x000000e0       0x34 c:/users/aceep/onedrive/desktop/armcompiler/bin/../lib/gcc/arm-none-eabi/10.2.1/../../../../arm-none-eabi/lib/thumb/v7e-m+fp/hard\libc.a(lib_a-fini.o)
 .debug_frame   0x00000114       0xb0 c:/users/aceep/onedrive/desktop/armcompiler/bin/../lib/gcc/arm-none-eabi/10.2.1/../../../../arm-none-eabi/lib/thumb/v7e-m+fp/hard\libc.a(lib_a-lock.o)
 .debug_frame   0x000001c4       0x34 c:/users/aceep/onedrive/desktop/armcompiler/bin/../lib/gcc/arm-none-eabi/10.2.1/../../../../arm-none-eabi/lib/thumb/v7e-m+fp/hard\libc.a(lib_a-__atexit.o)
 .debug_frame   0x000001f8       0x90 obj/main.o
 .debug_frame   0x00000288       0x38 obj/system_stm32f3xx.o
 .debug_frame   0x000002c0       0x2c obj/stm32f3xx_hal_msp.o
 .debug_frame   0x000002ec       0xc0 obj/stm32f3xx_it.o
 .debug_frame   0x000003ac      0xa14 obj/stm32f3xx_hal_tim.o
 .debug_frame   0x00000dc0      0x1d4 obj/stm32f3xx_hal.o
 .debug_frame   0x00000f94       0xd4 obj/stm32f3xx_hal_gpio.o
 .debug_frame   0x00001068      0x144 obj/stm32f3xx_hal_rcc.o
 .debug_frame   0x000011ac      0x158 obj/stm32f3xx_hal_cortex.o
 .debug_frame   0x00001304      0x3f4 obj/stm32f3xx_hal_tim_ex.o
 .debug_frame   0x000016f8      0x14c obj/stm32f3_discovery.o

.debug_line     0x00000000     0x97c5
 .debug_line    0x00000000       0x77 C:\msys64\tmp\ccsPD21X.o
 .debug_line    0x00000077      0x561 obj/main.o
 .debug_line    0x000005d8      0x2aa obj/system_stm32f3xx.o
 .debug_line    0x00000882      0x21c obj/stm32f3xx_hal_msp.o
 .debug_line    0x00000a9e      0x2b6 obj/stm32f3xx_it.o
 .debug_line    0x00000d54     0x462b obj/stm32f3xx_hal_tim.o
 .debug_line    0x0000537f      0x56a obj/stm32f3xx_hal.o
 .debug_line    0x000058e9      0x6e6 obj/stm32f3xx_hal_gpio.o
 .debug_line    0x00005fcf     0x1265 obj/stm32f3xx_hal_rcc.o
 .debug_line    0x00007234      0x7b8 obj/stm32f3xx_hal_cortex.o
 .debug_line    0x000079ec     0x1694 obj/stm32f3xx_hal_tim_ex.o
 .debug_line    0x00009080      0x745 obj/stm32f3_discovery.o

.debug_info     0x00000000     0xc59f
 .debug_info    0x00000000       0x22 C:\msys64\tmp\ccsPD21X.o
 .debug_info    0x00000022      0xcd0 obj/main.o
 .debug_info    0x00000cf2      0x41f obj/system_stm32f3xx.o
 .debug_info    0x00001111      0x976 obj/stm32f3xx_hal_msp.o
 .debug_info    0x00001a87      0x74c obj/stm32f3xx_it.o
 .debug_info    0x000021d3     0x41b0 obj/stm32f3xx_hal_tim.o
 .debug_info    0x00006383      0x8a8 obj/stm32f3xx_hal.o
 .debug_info    0x00006c2b      0x6b5 obj/stm32f3xx_hal_gpio.o
 .debug_info    0x000072e0     0x15dc obj/stm32f3xx_hal_rcc.o
 .debug_info    0x000088bc      0xfdd obj/stm32f3xx_hal_cortex.o
 .debug_info    0x00009899     0x18c7 obj/stm32f3xx_hal_tim_ex.o
 .debug_info    0x0000b160     0x143f obj/stm32f3_discovery.o

.debug_abbrev   0x00000000     0x1bb3
 .debug_abbrev  0x00000000       0x12 C:\msys64\tmp\ccsPD21X.o
 .debug_abbrev  0x00000012      0x28a obj/main.o
 .debug_abbrev  0x0000029c      0x119 obj/system_stm32f3xx.o
 .debug_abbrev  0x000003b5      0x19f obj/stm32f3xx_hal_msp.o
 .debug_abbrev  0x00000554      0x1ca obj/stm32f3xx_it.o
 .debug_abbrev  0x0000071e      0x349 obj/stm32f3xx_hal_tim.o
 .debug_abbrev  0x00000a67      0x269 obj/stm32f3xx_hal.o
 .debug_abbrev  0x00000cd0      0x1e4 obj/stm32f3xx_hal_gpio.o
 .debug_abbrev  0x00000eb4      0x349 obj/stm32f3xx_hal_rcc.o
 .debug_abbrev  0x000011fd      0x36f obj/stm32f3xx_hal_cortex.o
 .debug_abbrev  0x0000156c      0x2b7 obj/stm32f3xx_hal_tim_ex.o
 .debug_abbrev  0x00001823      0x390 obj/stm32f3_discovery.o

.debug_aranges  0x00000000      0x798
 .debug_aranges
                0x00000000       0x28 C:\msys64\tmp\ccsPD21X.o
 .debug_aranges
                0x00000028       0x38 obj/main.o
 .debug_aranges
                0x00000060       0x28 obj/system_stm32f3xx.o
 .debug_aranges
                0x00000088       0x20 obj/stm32f3xx_hal_msp.o
 .debug_aranges
                0x000000a8       0x50 obj/stm32f3xx_it.o
 .debug_aranges
                0x000000f8      0x2a8 obj/stm32f3xx_hal_tim.o
 .debug_aranges
                0x000003a0       0xd8 obj/stm32f3xx_hal.o
 .debug_aranges
                0x00000478       0x58 obj/stm32f3xx_hal_gpio.o
 .debug_aranges
                0x000004d0       0x88 obj/stm32f3xx_hal_rcc.o
 .debug_aranges
                0x00000558       0xa8 obj/stm32f3xx_hal_cortex.o
 .debug_aranges
                0x00000600      0x120 obj/stm32f3xx_hal_tim_ex.o
 .debug_aranges
                0x00000720       0x78 obj/stm32f3_discovery.o

.debug_str      0x00000000     0x346f
 .debug_str     0x00000000       0xca C:\msys64\tmp\ccsPD21X.o
 .debug_str     0x000000ca      0x919 obj/main.o
                                0xa76 (size before relaxing)
 .debug_str     0x000009e3      0x124 obj/system_stm32f3xx.o
                                0x334 (size before relaxing)
 .debug_str     0x00000b07      0x48e obj/stm32f3xx_hal_msp.o
                                0xbca (size before relaxing)
 .debug_str     0x00000f95       0xf0 obj/stm32f3xx_it.o
                                0x7f2 (size before relaxing)
 .debug_str     0x00001085      0xecd obj/stm32f3xx_hal_tim.o
                               0x1706 (size before relaxing)
 .debug_str     0x00001f52      0x302 obj/stm32f3xx_hal.o
                                0x9f2 (size before relaxing)
 .debug_str     0x00002254      0x192 obj/stm32f3xx_hal_gpio.o
                                0x477 (size before relaxing)
 .debug_str     0x000023e6      0x1cd obj/stm32f3xx_hal_rcc.o
                                0x6c4 (size before relaxing)
 .debug_str     0x000025b3      0x443 obj/stm32f3xx_hal_cortex.o
                                0xbac (size before relaxing)
 .debug_str     0x000029f6      0x5fb obj/stm32f3xx_hal_tim_ex.o
                                0xf6a (size before relaxing)
 .debug_str     0x00002ff1      0x47e obj/stm32f3_discovery.o
                                0xf2b (size before relaxing)

.debug_ranges   0x00000000      0xaa0
 .debug_ranges  0x00000000       0x20 C:\msys64\tmp\ccsPD21X.o
 .debug_ranges  0x00000020       0x28 obj/main.o
 .debug_ranges  0x00000048       0x18 obj/system_stm32f3xx.o
 .debug_ranges  0x00000060       0x30 obj/stm32f3xx_hal_msp.o
 .debug_ranges  0x00000090       0x40 obj/stm32f3xx_it.o
 .debug_ranges  0x000000d0      0x358 obj/stm32f3xx_hal_tim.o
 .debug_ranges  0x00000428       0xc8 obj/stm32f3xx_hal.o
 .debug_ranges  0x000004f0       0x68 obj/stm32f3xx_hal_gpio.o
 .debug_ranges  0x00000558      0x1d0 obj/stm32f3xx_hal_rcc.o
 .debug_ranges  0x00000728      0x150 obj/stm32f3xx_hal_cortex.o
 .debug_ranges  0x00000878      0x110 obj/stm32f3xx_hal_tim_ex.o
 .debug_ranges  0x00000988      0x118 obj/stm32f3_discovery.o

.debug_loc      0x00000000     0x7345
 .debug_loc     0x00000000       0x60 obj/main.o
 .debug_loc     0x00000060       0xfe obj/system_stm32f3xx.o
 .debug_loc     0x0000015e       0x25 obj/stm32f3xx_hal_msp.o
 .debug_loc     0x00000183     0x4509 obj/stm32f3xx_hal_tim.o
 .debug_loc     0x0000468c      0x139 obj/stm32f3xx_hal.o
 .debug_loc     0x000047c5      0x316 obj/stm32f3xx_hal_gpio.o
 .debug_loc     0x00004adb      0xd73 obj/stm32f3xx_hal_rcc.o
 .debug_loc     0x0000584e      0x5d3 obj/stm32f3xx_hal_cortex.o
 .debug_loc     0x00005e21     0x11ee obj/stm32f3xx_hal_tim_ex.o
 .debug_loc     0x0000700f      0x336 obj/stm32f3_discovery.o

.comment        0x00000000       0x4d
 .comment       0x00000000       0x4d obj/main.o
                                 0x4e (size before relaxing)
 .comment       0x0000004d       0x4e obj/system_stm32f3xx.o
 .comment       0x0000004d       0x4e obj/stm32f3xx_hal_msp.o
 .comment       0x0000004d       0x4e obj/stm32f3xx_it.o
 .comment       0x0000004d       0x4e obj/stm32f3xx_hal_tim.o
 .comment       0x0000004d       0x4e obj/stm32f3xx_hal.o
 .comment       0x0000004d       0x4e obj/stm32f3xx_hal_gpio.o
 .comment       0x0000004d       0x4e obj/stm32f3xx_hal_rcc.o
 .comment       0x0000004d       0x4e obj/stm32f3xx_hal_cortex.o
 .comment       0x0000004d       0x4e obj/stm32f3xx_hal_tim_ex.o
 .comment       0x0000004d       0x4e obj/stm32f3_discovery.o
